Archive member included because of file (symbol)

/root/arm-2011.03/arm-none-eabi/lib/libc.a(lib_a-vsprintf.o)
                              Uart.o (vsprintf)
/root/arm-2011.03/arm-none-eabi/lib/libc.a(lib_a-impure.o)
                              /root/arm-2011.03/arm-none-eabi/lib/libc.a(lib_a-vsprintf.o) (_impure_ptr)
/root/arm-2011.03/arm-none-eabi/lib/libc.a(lib_a-svfprintf.o)
                              /root/arm-2011.03/arm-none-eabi/lib/libc.a(lib_a-vsprintf.o) (_svfprintf_r)
/root/arm-2011.03/arm-none-eabi/lib/libc.a(lib_a-dtoa.o)
                              /root/arm-2011.03/arm-none-eabi/lib/libc.a(lib_a-svfprintf.o) (_dtoa_r)
/root/arm-2011.03/arm-none-eabi/lib/libc.a(lib_a-locale.o)
                              /root/arm-2011.03/arm-none-eabi/lib/libc.a(lib_a-svfprintf.o) (_localeconv_r)
/root/arm-2011.03/arm-none-eabi/lib/libc.a(lib_a-mallocr.o)
                              /root/arm-2011.03/arm-none-eabi/lib/libc.a(lib_a-svfprintf.o) (_malloc_r)
/root/arm-2011.03/arm-none-eabi/lib/libc.a(lib_a-memchr.o)
                              /root/arm-2011.03/arm-none-eabi/lib/libc.a(lib_a-svfprintf.o) (memchr)
/root/arm-2011.03/arm-none-eabi/lib/libc.a(lib_a-memcpy.o)
                              /root/arm-2011.03/arm-none-eabi/lib/libc.a(lib_a-dtoa.o) (memcpy)
/root/arm-2011.03/arm-none-eabi/lib/libc.a(lib_a-mlock.o)
                              /root/arm-2011.03/arm-none-eabi/lib/libc.a(lib_a-mallocr.o) (__malloc_lock)
/root/arm-2011.03/arm-none-eabi/lib/libc.a(lib_a-mprec.o)
                              /root/arm-2011.03/arm-none-eabi/lib/libc.a(lib_a-dtoa.o) (_Balloc)
/root/arm-2011.03/arm-none-eabi/lib/libc.a(lib_a-s_fpclassify.o)
                              /root/arm-2011.03/arm-none-eabi/lib/libc.a(lib_a-svfprintf.o) (__fpclassifyd)
/root/arm-2011.03/arm-none-eabi/lib/libc.a(lib_a-sbrkr.o)
                              /root/arm-2011.03/arm-none-eabi/lib/libc.a(lib_a-mallocr.o) (_sbrk_r)
/root/arm-2011.03/arm-none-eabi/lib/libc.a(lib_a-strcmp.o)
                              /root/arm-2011.03/arm-none-eabi/lib/libc.a(lib_a-locale.o) (strcmp)
/root/arm-2011.03/arm-none-eabi/lib/libc.a(lib_a-strlen.o)
                              /root/arm-2011.03/arm-none-eabi/lib/libc.a(lib_a-svfprintf.o) (strlen)
/root/arm-2011.03/arm-none-eabi/lib/libc.a(lib_a-svfiprintf.o)
                              /root/arm-2011.03/arm-none-eabi/lib/libc.a(lib_a-svfprintf.o) (__ssprint_r)
/root/arm-2011.03/arm-none-eabi/lib/libc.a(lib_a-callocr.o)
                              /root/arm-2011.03/arm-none-eabi/lib/libc.a(lib_a-mprec.o) (_calloc_r)
/root/arm-2011.03/arm-none-eabi/lib/libc.a(lib_a-freer.o)
                              /root/arm-2011.03/arm-none-eabi/lib/libc.a(lib_a-mallocr.o) (_free_r)
/root/arm-2011.03/arm-none-eabi/lib/libc.a(lib_a-memmove.o)
                              /root/arm-2011.03/arm-none-eabi/lib/libc.a(lib_a-svfiprintf.o) (memmove)
/root/arm-2011.03/arm-none-eabi/lib/libc.a(lib_a-memset.o)
                              /root/arm-2011.03/arm-none-eabi/lib/libc.a(lib_a-callocr.o) (memset)
/root/arm-2011.03/arm-none-eabi/lib/libc.a(lib_a-reallocr.o)
                              /root/arm-2011.03/arm-none-eabi/lib/libc.a(lib_a-svfiprintf.o) (_realloc_r)
/root/arm-2011.03/arm-none-eabi/lib/libc.a(lib_a-reent.o)
                              /root/arm-2011.03/arm-none-eabi/lib/libc.a(lib_a-sbrkr.o) (errno)
/root/arm-2011.03/lib/gcc/arm-none-eabi/4.5.2/libgcc.a(_udivsi3.o)
                              /root/arm-2011.03/arm-none-eabi/lib/libc.a(lib_a-dtoa.o) (__aeabi_uidiv)
/root/arm-2011.03/lib/gcc/arm-none-eabi/4.5.2/libgcc.a(_dvmd_tls.o)
                              /root/arm-2011.03/lib/gcc/arm-none-eabi/4.5.2/libgcc.a(_udivsi3.o) (__aeabi_idiv0)
/root/arm-2011.03/lib/gcc/arm-none-eabi/4.5.2/libgcc.a(_arm_addsubdf3.o)
                              /root/arm-2011.03/arm-none-eabi/lib/libc.a(lib_a-dtoa.o) (__aeabi_dsub)
/root/arm-2011.03/lib/gcc/arm-none-eabi/4.5.2/libgcc.a(_arm_muldivdf3.o)
                              Timer.o (__aeabi_dmul)
/root/arm-2011.03/lib/gcc/arm-none-eabi/4.5.2/libgcc.a(_arm_cmpdf2.o)
                              /root/arm-2011.03/arm-none-eabi/lib/libc.a(lib_a-svfprintf.o) (__aeabi_dcmpeq)
/root/arm-2011.03/lib/gcc/arm-none-eabi/4.5.2/libgcc.a(_arm_fixdfsi.o)
                              /root/arm-2011.03/arm-none-eabi/lib/libc.a(lib_a-dtoa.o) (__aeabi_d2iz)
/root/arm-2011.03/lib/gcc/arm-none-eabi/4.5.2/libgcc.a(_arm_fixunsdfsi.o)
                              Timer.o (__aeabi_d2uiz)
/root/arm-2011.03/lib/gcc/arm-none-eabi/4.5.2/libgcc.a(_aeabi_uldivmod.o)
                              /root/arm-2011.03/arm-none-eabi/lib/libc.a(lib_a-svfprintf.o) (__aeabi_uldivmod)
/root/arm-2011.03/lib/gcc/arm-none-eabi/4.5.2/libgcc.a(bpabi.o)
                              /root/arm-2011.03/lib/gcc/arm-none-eabi/4.5.2/libgcc.a(_aeabi_uldivmod.o) (__gnu_uldivmod_helper)
/root/arm-2011.03/lib/gcc/arm-none-eabi/4.5.2/libgcc.a(_divdi3.o)
                              /root/arm-2011.03/lib/gcc/arm-none-eabi/4.5.2/libgcc.a(bpabi.o) (__divdi3)
/root/arm-2011.03/lib/gcc/arm-none-eabi/4.5.2/libgcc.a(_udivdi3.o)
                              /root/arm-2011.03/lib/gcc/arm-none-eabi/4.5.2/libgcc.a(bpabi.o) (__udivdi3)
/root/arm-2011.03/lib/gcc/arm-none-eabi/4.5.2/libgcc.a(_clzsi2.o)
                              /root/arm-2011.03/lib/gcc/arm-none-eabi/4.5.2/libgcc.a(_divdi3.o) (__clzsi2)

Allocating common symbols
Common symbol       size              file

errno               0x4               /root/arm-2011.03/arm-none-eabi/lib/libc.a(lib_a-reent.o)

Memory Configuration

Name             Origin             Length             Attributes
CODE             0x30000000         0x04000000         rw
_ISR_START       0x33ffff00         0x00000100         rw
*default*        0x00000000         0xffffffff

Linker script and memory map


.text           0x30000000     0x9c2c
 *s3c2450_startup.o(.text)
 .text          0x30000000      0x300 s3c2450_startup.o
                0x30000000                _start
                0x300000b0                ResetHandler
                0x300001a8                IsrIRQ
                0x30000254                _sbrk
 *(.text)
 .text          0x30000300      0x2f8 Key.o
                0x30000300                Key_Port_Init
                0x30000400                Key_Get_Pressed
                0x30000588                Key_Wait_Get_Pressed
                0x300005c0                Key_Wait_Get_Released
 .text          0x300005f8      0x120 Led.o
                0x300005f8                Led_Init
                0x30000654                Led_Display
 .text          0x30000718      0x408 Timer.o
                0x30000718                TestTimer
                0x30000740                Timer_Init
                0x3000084c                Timer_Delay
 .text          0x30000b20       0x1c Main.o
                0x30000b20                Main
 .text          0x30000b3c      0x220 Uart.o
                0x30000b3c                Uart_Init
                0x30000bf8                Uart_Printf
                0x30000c40                Uart_Send_String
                0x30000c90                Uart_Send_Byte
                0x30000d14                Uart_Get_Char
 .text          0x30000d5c      0x184 exception.o
                0x30000d5c                SWI_Handler
                0x30000d78                Undef_Handler
                0x30000d94                Pabort_Handler
                0x30000dd0                Dabort_Handler
                0x30000e0c                Exception_Init
 .text          0x30000ee0       0x48 module1.o
                0x30000ee0                Func
 .text          0x30000f28      0x314 KeyLogger.o
                0x30000f28                TestKeyLogger
                0x30000fb0                Init
                0x3000109c                LED_ON_Off
                0x3000118c                Get_Key_byPolling
 .text          0x3000123c       0x7c /root/arm-2011.03/arm-none-eabi/lib/libc.a(lib_a-vsprintf.o)
                0x3000123c                _vsprintf_r
                0x3000128c                vsprintf
 .text          0x300012b8        0x0 /root/arm-2011.03/arm-none-eabi/lib/libc.a(lib_a-impure.o)
 .text          0x300012b8     0x2138 /root/arm-2011.03/arm-none-eabi/lib/libc.a(lib_a-svfprintf.o)
                0x300012b8                _svfprintf_r
 .text          0x300033f0     0x17d0 /root/arm-2011.03/arm-none-eabi/lib/libc.a(lib_a-dtoa.o)
                0x300035c0                _dtoa_r
 .text          0x30004bc0       0xd0 /root/arm-2011.03/arm-none-eabi/lib/libc.a(lib_a-locale.o)
                0x30004bc0                _setlocale_r
                0x30004c2c                __locale_charset
                0x30004c38                __locale_mb_cur_max
                0x30004c48                __locale_msgcharset
                0x30004c54                __locale_cjk_lang
                0x30004c5c                _localeconv_r
                0x30004c68                setlocale
                0x30004c84                localeconv
 .text          0x30004c90      0x70c /root/arm-2011.03/arm-none-eabi/lib/libc.a(lib_a-mallocr.o)
                0x30004c90                _malloc_r
 .text          0x3000539c      0x104 /root/arm-2011.03/arm-none-eabi/lib/libc.a(lib_a-memchr.o)
                0x3000539c                memchr
 .text          0x300054a0      0x1c0 /root/arm-2011.03/arm-none-eabi/lib/libc.a(lib_a-memcpy.o)
                0x300054a0                memcpy
 .text          0x30005660        0x8 /root/arm-2011.03/arm-none-eabi/lib/libc.a(lib_a-mlock.o)
                0x30005660                __malloc_lock
                0x30005664                __malloc_unlock
 .text          0x30005668      0xcfc /root/arm-2011.03/arm-none-eabi/lib/libc.a(lib_a-mprec.o)
                0x30005668                _Balloc
                0x300056f0                _Bfree
                0x3000570c                __multadd
                0x300057e8                __s2b
                0x300058d4                __hi0bits
                0x30005924                __lo0bits
                0x300059b4                __i2b
                0x300059d8                __multiply
                0x30005bc0                __pow5mult
                0x30005cb4                __lshift
                0x30005db8                __mcmp
                0x30005e18                __mdiff
                0x30005f70                __ulp
                0x30005fd0                __b2d
                0x30006094                __d2b
                0x3000619c                __ratio
                0x30006214                _mprec_log10
                0x30006268                __copybits
                0x300062dc                __any_on
 .text          0x30006364       0x8c /root/arm-2011.03/arm-none-eabi/lib/libc.a(lib_a-s_fpclassify.o)
                0x30006364                __fpclassifyd
 .text          0x300063f0       0x40 /root/arm-2011.03/arm-none-eabi/lib/libc.a(lib_a-sbrkr.o)
                0x300063f0                _sbrk_r
 .text          0x30006430      0x230 /root/arm-2011.03/arm-none-eabi/lib/libc.a(lib_a-strcmp.o)
                0x30006430                strcmp
 .text          0x30006660       0x60 /root/arm-2011.03/arm-none-eabi/lib/libc.a(lib_a-strlen.o)
                0x30006660                strlen
 .text          0x300066c0     0x1238 /root/arm-2011.03/arm-none-eabi/lib/libc.a(lib_a-svfiprintf.o)
                0x300066c0                __ssprint_r
                0x3000685c                _svfiprintf_r
 .text          0x300078f8       0x9c /root/arm-2011.03/arm-none-eabi/lib/libc.a(lib_a-callocr.o)
                0x300078f8                _calloc_r
 .text          0x30007994      0x360 /root/arm-2011.03/arm-none-eabi/lib/libc.a(lib_a-freer.o)
                0x30007994                _malloc_trim_r
                0x30007a90                _free_r
 .text          0x30007cf4      0x128 /root/arm-2011.03/arm-none-eabi/lib/libc.a(lib_a-memmove.o)
                0x30007cf4                memmove
 .text          0x30007e1c      0x100 /root/arm-2011.03/arm-none-eabi/lib/libc.a(lib_a-memset.o)
                0x30007e1c                memset
 .text          0x30007f1c      0x5c0 /root/arm-2011.03/arm-none-eabi/lib/libc.a(lib_a-reallocr.o)
                0x30007f1c                _realloc_r
 .text          0x300084dc      0x1ac /root/arm-2011.03/arm-none-eabi/lib/libc.a(lib_a-reent.o)
                0x300084dc                cleanup_glue
                0x30008508                _reclaim_reent
                0x30008610                _wrapup_reent
 .text          0x30008688      0x114 /root/arm-2011.03/lib/gcc/arm-none-eabi/4.5.2/libgcc.a(_udivsi3.o)
                0x30008688                __udivsi3
                0x30008688                __aeabi_uidiv
                0x3000877c                __aeabi_uidivmod
 .text          0x3000879c        0x4 /root/arm-2011.03/lib/gcc/arm-none-eabi/4.5.2/libgcc.a(_dvmd_tls.o)
                0x3000879c                __aeabi_ldiv0
                0x3000879c                __aeabi_idiv0
 .text          0x300087a0      0x41c /root/arm-2011.03/lib/gcc/arm-none-eabi/4.5.2/libgcc.a(_arm_addsubdf3.o)
                0x300087a0                __aeabi_drsub
                0x300087a8                __aeabi_dsub
                0x300087a8                __subdf3
                0x300087ac                __adddf3
                0x300087ac                __aeabi_dadd
                0x30008abc                __aeabi_ui2d
                0x30008abc                __floatunsidf
                0x30008ae0                __floatsidf
                0x30008ae0                __aeabi_i2d
                0x30008b08                __extendsfdf2
                0x30008b08                __aeabi_f2d
                0x30008b48                __aeabi_ul2d
                0x30008b48                __floatundidf
                0x30008b5c                __floatdidf
                0x30008b5c                __aeabi_l2d
 .text          0x30008bbc      0x49c /root/arm-2011.03/lib/gcc/arm-none-eabi/4.5.2/libgcc.a(_arm_muldivdf3.o)
                0x30008bbc                __aeabi_dmul
                0x30008bbc                __muldf3
                0x30008e4c                __aeabi_ddiv
                0x30008e4c                __divdf3
 .text          0x30009058      0x144 /root/arm-2011.03/lib/gcc/arm-none-eabi/4.5.2/libgcc.a(_arm_cmpdf2.o)
                0x30009058                __gtdf2
                0x30009058                __gedf2
                0x30009060                __ltdf2
                0x30009060                __ledf2
                0x30009068                __cmpdf2
                0x30009068                __eqdf2
                0x30009068                __nedf2
                0x300090f0                __aeabi_cdrcmple
                0x3000910c                __aeabi_cdcmple
                0x3000910c                __aeabi_cdcmpeq
                0x30009124                __aeabi_dcmpeq
                0x3000913c                __aeabi_dcmplt
                0x30009154                __aeabi_dcmple
                0x3000916c                __aeabi_dcmpge
                0x30009184                __aeabi_dcmpgt
 .text          0x3000919c       0x5c /root/arm-2011.03/lib/gcc/arm-none-eabi/4.5.2/libgcc.a(_arm_fixdfsi.o)
                0x3000919c                __fixdfsi
                0x3000919c                __aeabi_d2iz
 .text          0x300091f8       0x54 /root/arm-2011.03/lib/gcc/arm-none-eabi/4.5.2/libgcc.a(_arm_fixunsdfsi.o)
                0x300091f8                __fixunsdfsi
                0x300091f8                __aeabi_d2uiz
 .text          0x3000924c       0x3c /root/arm-2011.03/lib/gcc/arm-none-eabi/4.5.2/libgcc.a(_aeabi_uldivmod.o)
                0x3000924c                __aeabi_uldivmod
 .text          0x30009288       0x80 /root/arm-2011.03/lib/gcc/arm-none-eabi/4.5.2/libgcc.a(bpabi.o)
                0x30009288                __gnu_ldivmod_helper
                0x300092c8                __gnu_uldivmod_helper
 .text          0x30009308      0x4a8 /root/arm-2011.03/lib/gcc/arm-none-eabi/4.5.2/libgcc.a(_divdi3.o)
                0x30009308                __divdi3
 .text          0x300097b0      0x434 /root/arm-2011.03/lib/gcc/arm-none-eabi/4.5.2/libgcc.a(_udivdi3.o)
                0x300097b0                __udivdi3
 .text          0x30009be4       0x48 /root/arm-2011.03/lib/gcc/arm-none-eabi/4.5.2/libgcc.a(_clzsi2.o)
                0x30009be4                __clzsi2
                0x30009c2c                . = ALIGN (0x4)

.glue_7         0x30009c2c        0x0
 .glue_7        0x00000000        0x0 linker stubs

.glue_7t        0x30009c2c        0x0
 .glue_7t       0x00000000        0x0 linker stubs

.vfp11_veneer   0x30009c2c        0x0
 .vfp11_veneer  0x00000000        0x0 linker stubs

.v4_bx          0x30009c2c        0x0
 .v4_bx         0x00000000        0x0 linker stubs

.rodata         0x30009c30      0x33c
                0x30009c30                rodata_start_addr = .
 *(.rodata)
 .rodata        0x30009c30       0x1c Key.o
 .rodata        0x30009c4c       0x38 Timer.o
 .rodata        0x30009c84       0x84 exception.o
 .rodata        0x30009d08        0x4 module1.o
 .rodata        0x30009d0c       0x8c KeyLogger.o
 .rodata        0x30009d98        0x4 /root/arm-2011.03/arm-none-eabi/lib/libc.a(lib_a-impure.o)
                0x30009d98                _global_impure_ptr
 .rodata        0x30009d9c       0x20 /root/arm-2011.03/arm-none-eabi/lib/libc.a(lib_a-svfprintf.o)
 *fill*         0x30009dbc        0x4 00
 .rodata        0x30009dc0      0x128 /root/arm-2011.03/arm-none-eabi/lib/libc.a(lib_a-mprec.o)
                0x30009dd0                __mprec_tens
                0x30009e98                __mprec_bigtens
                0x30009ec0                __mprec_tinytens
 .rodata        0x30009ee8       0x20 /root/arm-2011.03/arm-none-eabi/lib/libc.a(lib_a-svfiprintf.o)
 *(.rodata.*)
 .rodata.str1.4
                0x30009f08        0x2 /root/arm-2011.03/arm-none-eabi/lib/libc.a(lib_a-impure.o)
                                  0x4 (size before relaxing)
 *fill*         0x30009f0a        0x2 00
 .rodata.str1.4
                0x30009f0c       0x42 /root/arm-2011.03/arm-none-eabi/lib/libc.a(lib_a-svfprintf.o)
                                 0x44 (size before relaxing)
 *fill*         0x30009f4e        0x2 00
 .rodata.str1.4
                0x30009f50       0x10 /root/arm-2011.03/arm-none-eabi/lib/libc.a(lib_a-dtoa.o)
                                 0x14 (size before relaxing)
 .rodata.str1.4
                0x30009f60        0xc /root/arm-2011.03/arm-none-eabi/lib/libc.a(lib_a-locale.o)
                                 0x14 (size before relaxing)
 .rodata.str1.4
                0x00000000       0x30 /root/arm-2011.03/arm-none-eabi/lib/libc.a(lib_a-svfiprintf.o)
                0x30009f6c                . = ALIGN (0x4)
                0x30009f6c                rodata_end_addr = .

.ARM.extab      0x30009f6c        0x0
 .ARM.extab     0x30009f6c        0x0 /root/arm-2011.03/lib/gcc/arm-none-eabi/4.5.2/libgcc.a(_divdi3.o)
 .ARM.extab     0x30009f6c        0x0 /root/arm-2011.03/lib/gcc/arm-none-eabi/4.5.2/libgcc.a(_udivdi3.o)

.ARM.exidx      0x30009f6c        0x8
 .ARM.exidx     0x30009f6c        0x8 /root/arm-2011.03/lib/gcc/arm-none-eabi/4.5.2/libgcc.a(_divdi3.o)
 .ARM.exidx     0x30009f74        0x0 /root/arm-2011.03/lib/gcc/arm-none-eabi/4.5.2/libgcc.a(_udivdi3.o)
                                  0x8 (size before relaxing)

.data           0x30009f78      0x8c0
                0x30009f78                data_start_addr = .
                0x30009f78                __DATA_START__ = .
 *(.data)
 .data          0x30009f78        0x0 s3c2450_startup.o
 .data          0x30009f78        0x0 Key.o
 .data          0x30009f78        0x0 Led.o
 .data          0x30009f78        0x0 Timer.o
 .data          0x30009f78        0x0 Main.o
 .data          0x30009f78        0x0 Uart.o
 .data          0x30009f78        0x0 exception.o
 .data          0x30009f78        0x0 module1.o
 .data          0x30009f78        0x0 KeyLogger.o
 .data          0x30009f78        0x0 /root/arm-2011.03/arm-none-eabi/lib/libc.a(lib_a-vsprintf.o)
 .data          0x30009f78      0x430 /root/arm-2011.03/arm-none-eabi/lib/libc.a(lib_a-impure.o)
                0x30009f78                _impure_ptr
 .data          0x3000a3a8        0x0 /root/arm-2011.03/arm-none-eabi/lib/libc.a(lib_a-svfprintf.o)
 .data          0x3000a3a8        0x0 /root/arm-2011.03/arm-none-eabi/lib/libc.a(lib_a-dtoa.o)
 .data          0x3000a3a8       0x7c /root/arm-2011.03/arm-none-eabi/lib/libc.a(lib_a-locale.o)
                0x3000a3c8                __mb_cur_max
 .data          0x3000a424      0x410 /root/arm-2011.03/arm-none-eabi/lib/libc.a(lib_a-mallocr.o)
                0x3000a424                __malloc_av_
                0x3000a82c                __malloc_sbrk_base
                0x3000a830                __malloc_trim_threshold
 .data          0x3000a834        0x0 /root/arm-2011.03/arm-none-eabi/lib/libc.a(lib_a-memchr.o)
 .data          0x3000a834        0x0 /root/arm-2011.03/arm-none-eabi/lib/libc.a(lib_a-memcpy.o)
 .data          0x3000a834        0x0 /root/arm-2011.03/arm-none-eabi/lib/libc.a(lib_a-mlock.o)
 .data          0x3000a834        0x0 /root/arm-2011.03/arm-none-eabi/lib/libc.a(lib_a-mprec.o)
 .data          0x3000a834        0x0 /root/arm-2011.03/arm-none-eabi/lib/libc.a(lib_a-s_fpclassify.o)
 .data          0x3000a834        0x0 /root/arm-2011.03/arm-none-eabi/lib/libc.a(lib_a-sbrkr.o)
 .data          0x3000a834        0x0 /root/arm-2011.03/arm-none-eabi/lib/libc.a(lib_a-strcmp.o)
 .data          0x3000a834        0x0 /root/arm-2011.03/arm-none-eabi/lib/libc.a(lib_a-strlen.o)
 .data          0x3000a834        0x0 /root/arm-2011.03/arm-none-eabi/lib/libc.a(lib_a-svfiprintf.o)
 .data          0x3000a834        0x0 /root/arm-2011.03/arm-none-eabi/lib/libc.a(lib_a-callocr.o)
 .data          0x3000a834        0x0 /root/arm-2011.03/arm-none-eabi/lib/libc.a(lib_a-freer.o)
 .data          0x3000a834        0x0 /root/arm-2011.03/arm-none-eabi/lib/libc.a(lib_a-memmove.o)
 .data          0x3000a834        0x0 /root/arm-2011.03/arm-none-eabi/lib/libc.a(lib_a-memset.o)
 .data          0x3000a834        0x0 /root/arm-2011.03/arm-none-eabi/lib/libc.a(lib_a-reallocr.o)
 .data          0x3000a834        0x0 /root/arm-2011.03/arm-none-eabi/lib/libc.a(lib_a-reent.o)
 .data          0x3000a834        0x0 /root/arm-2011.03/lib/gcc/arm-none-eabi/4.5.2/libgcc.a(_udivsi3.o)
 .data          0x3000a834        0x0 /root/arm-2011.03/lib/gcc/arm-none-eabi/4.5.2/libgcc.a(_dvmd_tls.o)
 .data          0x3000a834        0x0 /root/arm-2011.03/lib/gcc/arm-none-eabi/4.5.2/libgcc.a(_arm_addsubdf3.o)
 .data          0x3000a834        0x0 /root/arm-2011.03/lib/gcc/arm-none-eabi/4.5.2/libgcc.a(_arm_muldivdf3.o)
 .data          0x3000a834        0x0 /root/arm-2011.03/lib/gcc/arm-none-eabi/4.5.2/libgcc.a(_arm_cmpdf2.o)
 .data          0x3000a834        0x0 /root/arm-2011.03/lib/gcc/arm-none-eabi/4.5.2/libgcc.a(_arm_fixdfsi.o)
 .data          0x3000a834        0x0 /root/arm-2011.03/lib/gcc/arm-none-eabi/4.5.2/libgcc.a(_arm_fixunsdfsi.o)
 .data          0x3000a834        0x0 /root/arm-2011.03/lib/gcc/arm-none-eabi/4.5.2/libgcc.a(_aeabi_uldivmod.o)
 .data          0x3000a834        0x0 /root/arm-2011.03/lib/gcc/arm-none-eabi/4.5.2/libgcc.a(bpabi.o)
 .data          0x3000a834        0x0 /root/arm-2011.03/lib/gcc/arm-none-eabi/4.5.2/libgcc.a(_divdi3.o)
 .data          0x3000a834        0x0 /root/arm-2011.03/lib/gcc/arm-none-eabi/4.5.2/libgcc.a(_udivdi3.o)
 .data          0x3000a834        0x0 /root/arm-2011.03/lib/gcc/arm-none-eabi/4.5.2/libgcc.a(_clzsi2.o)
 *(.data.*)
                0x3000a838                . = ALIGN (0x8)
 *fill*         0x3000a834        0x4 00
                0x3000a838                data_end_addr = .
                0x3000a838                __DATA_END__ = .

.bss            0x3000a838       0x48
                0x3000a838                bss_start_addr = .
                0x3000a838                __BSS_START__ = .
 *(.bss)
 .bss           0x3000a838        0x0 s3c2450_startup.o
 .bss           0x3000a838        0x0 Key.o
 .bss           0x3000a838        0x0 Led.o
 .bss           0x3000a838        0x0 Timer.o
 .bss           0x3000a838        0x0 Main.o
 .bss           0x3000a838        0x0 Uart.o
 .bss           0x3000a838        0x0 exception.o
 .bss           0x3000a838        0x4 module1.o
 .bss           0x3000a83c        0x0 KeyLogger.o
 .bss           0x3000a83c        0x0 /root/arm-2011.03/arm-none-eabi/lib/libc.a(lib_a-vsprintf.o)
 .bss           0x3000a83c        0x0 /root/arm-2011.03/arm-none-eabi/lib/libc.a(lib_a-impure.o)
 .bss           0x3000a83c        0x0 /root/arm-2011.03/arm-none-eabi/lib/libc.a(lib_a-svfprintf.o)
 .bss           0x3000a83c        0x0 /root/arm-2011.03/arm-none-eabi/lib/libc.a(lib_a-dtoa.o)
 .bss           0x3000a83c        0xc /root/arm-2011.03/arm-none-eabi/lib/libc.a(lib_a-locale.o)
                0x3000a83c                __nlocale_changed
                0x3000a840                __mlocale_changed
                0x3000a844                _PathLocale
 .bss           0x3000a848       0x34 /root/arm-2011.03/arm-none-eabi/lib/libc.a(lib_a-mallocr.o)
                0x3000a848                __malloc_top_pad
                0x3000a84c                __malloc_current_mallinfo
                0x3000a874                __malloc_max_sbrked_mem
                0x3000a878                __malloc_max_total_mem
 .bss           0x3000a87c        0x0 /root/arm-2011.03/arm-none-eabi/lib/libc.a(lib_a-memchr.o)
 .bss           0x3000a87c        0x0 /root/arm-2011.03/arm-none-eabi/lib/libc.a(lib_a-memcpy.o)
 .bss           0x3000a87c        0x0 /root/arm-2011.03/arm-none-eabi/lib/libc.a(lib_a-mlock.o)
 .bss           0x3000a87c        0x0 /root/arm-2011.03/arm-none-eabi/lib/libc.a(lib_a-mprec.o)
 .bss           0x3000a87c        0x0 /root/arm-2011.03/arm-none-eabi/lib/libc.a(lib_a-s_fpclassify.o)
 .bss           0x3000a87c        0x0 /root/arm-2011.03/arm-none-eabi/lib/libc.a(lib_a-sbrkr.o)
 .bss           0x3000a87c        0x0 /root/arm-2011.03/arm-none-eabi/lib/libc.a(lib_a-strcmp.o)
 .bss           0x3000a87c        0x0 /root/arm-2011.03/arm-none-eabi/lib/libc.a(lib_a-strlen.o)
 .bss           0x3000a87c        0x0 /root/arm-2011.03/arm-none-eabi/lib/libc.a(lib_a-svfiprintf.o)
 .bss           0x3000a87c        0x0 /root/arm-2011.03/arm-none-eabi/lib/libc.a(lib_a-callocr.o)
 .bss           0x3000a87c        0x0 /root/arm-2011.03/arm-none-eabi/lib/libc.a(lib_a-freer.o)
 .bss           0x3000a87c        0x0 /root/arm-2011.03/arm-none-eabi/lib/libc.a(lib_a-memmove.o)
 .bss           0x3000a87c        0x0 /root/arm-2011.03/arm-none-eabi/lib/libc.a(lib_a-memset.o)
 .bss           0x3000a87c        0x0 /root/arm-2011.03/arm-none-eabi/lib/libc.a(lib_a-reallocr.o)
 .bss           0x3000a87c        0x0 /root/arm-2011.03/arm-none-eabi/lib/libc.a(lib_a-reent.o)
 .bss           0x3000a87c        0x0 /root/arm-2011.03/lib/gcc/arm-none-eabi/4.5.2/libgcc.a(_udivsi3.o)
 .bss           0x3000a87c        0x0 /root/arm-2011.03/lib/gcc/arm-none-eabi/4.5.2/libgcc.a(_dvmd_tls.o)
 .bss           0x3000a87c        0x0 /root/arm-2011.03/lib/gcc/arm-none-eabi/4.5.2/libgcc.a(_arm_addsubdf3.o)
 .bss           0x3000a87c        0x0 /root/arm-2011.03/lib/gcc/arm-none-eabi/4.5.2/libgcc.a(_arm_muldivdf3.o)
 .bss           0x3000a87c        0x0 /root/arm-2011.03/lib/gcc/arm-none-eabi/4.5.2/libgcc.a(_arm_cmpdf2.o)
 .bss           0x3000a87c        0x0 /root/arm-2011.03/lib/gcc/arm-none-eabi/4.5.2/libgcc.a(_arm_fixdfsi.o)
 .bss           0x3000a87c        0x0 /root/arm-2011.03/lib/gcc/arm-none-eabi/4.5.2/libgcc.a(_arm_fixunsdfsi.o)
 .bss           0x3000a87c        0x0 /root/arm-2011.03/lib/gcc/arm-none-eabi/4.5.2/libgcc.a(_aeabi_uldivmod.o)
 .bss           0x3000a87c        0x0 /root/arm-2011.03/lib/gcc/arm-none-eabi/4.5.2/libgcc.a(bpabi.o)
 .bss           0x3000a87c        0x0 /root/arm-2011.03/lib/gcc/arm-none-eabi/4.5.2/libgcc.a(_divdi3.o)
 .bss           0x3000a87c        0x0 /root/arm-2011.03/lib/gcc/arm-none-eabi/4.5.2/libgcc.a(_udivdi3.o)
 .bss           0x3000a87c        0x0 /root/arm-2011.03/lib/gcc/arm-none-eabi/4.5.2/libgcc.a(_clzsi2.o)
 *(.bss.*)
 *(COMMON)
 COMMON         0x3000a87c        0x4 /root/arm-2011.03/arm-none-eabi/lib/libc.a(lib_a-reent.o)
                0x3000a87c                errno
                0x3000a880                . = ALIGN (0x8)
                0x3000a880                bss_end_addr = .
                0x3000a880                __BSS_END__ = .
                0x3000a880                end = .
                0x3000a880                PROVIDE (end, .)

.int_vec        0x33ffff00       0xc0
 s3c2450_startup.o(int_vect)
 int_vect       0x33ffff00       0xc0 s3c2450_startup.o
                0x33ffff00                HandleReset
                0x33ffff04                HandleUndef
                0x33ffff08                HandleSWI
                0x33ffff0c                HandlePabort
                0x33ffff10                HandleDabort
                0x33ffff14                HandleReserved
                0x33ffff18                HandleIRQ
                0x33ffff1c                HandleFIQ
                0x33ffff20                HandleEINT0
                0x33ffff24                HandleEINT1
                0x33ffff28                HandleEINT2
                0x33ffff2c                HandleEINT3
                0x33ffff30                HandleEINT4_7
                0x33ffff34                HandleEINT8_23
                0x33ffff38                HandleCAM
                0x33ffff3c                HandleBATFLT
                0x33ffff40                HandleTICK
                0x33ffff44                HandleWDT
                0x33ffff48                HandleTIMER0
                0x33ffff4c                HandleTIMER1
                0x33ffff50                HandleTIMER2
                0x33ffff54                HandleTIMER3
                0x33ffff58                HandleTIMER4
                0x33ffff5c                HandleUART2
                0x33ffff60                HandleLCD
                0x33ffff64                HandleDMA
                0x33ffff68                HandleUART3
                0x33ffff6c                HandleCFCON
                0x33ffff70                HandleSDI1
                0x33ffff74                HandleSDI0
                0x33ffff78                HandleSPI0
                0x33ffff7c                HandleUART1
                0x33ffff80                HandleNFCON
                0x33ffff84                HandleUSBD
                0x33ffff88                HandleUSBH
                0x33ffff8c                HandleIIC
                0x33ffff90                HandleUART0
                0x33ffff94                HandleSPI1
                0x33ffff98                HandleRTC
                0x33ffff9c                HandleADC
                0x33ffffa0                Handle2D
                0x33ffffa4                HandleIIC1
                0x33ffffa8                HandleRSV1
                0x33ffffac                HandleRSV2
                0x33ffffb0                HandlePCM0
                0x33ffffb4                HandlePCM1
                0x33ffffb8                HandleI2S0
                0x33ffffbc                HandleI2S1
LOAD Key.o
LOAD Led.o
LOAD Timer.o
LOAD Main.o
LOAD Uart.o
LOAD exception.o
LOAD module1.o
LOAD KeyLogger.o
LOAD s3c2450_startup.o
LOAD /root/arm-2011.03/arm-none-eabi/lib/libc.a
LOAD /root/arm-2011.03/lib/gcc/arm-none-eabi/4.5.2/libgcc.a
LOAD /root/arm-2011.03/lib/gcc/arm-none-eabi/4.5.2/libgcc.a
OUTPUT(MDS2450 elf32-littlearm)

.ARM.attributes
                0x00000000       0x28
 .ARM.attributes
                0x00000000       0x1c s3c2450_startup.o
 .ARM.attributes
                0x0000001c       0x2c Key.o
 .ARM.attributes
                0x00000048       0x2c Led.o
 .ARM.attributes
                0x00000074       0x2c Timer.o
 .ARM.attributes
                0x000000a0       0x2c Main.o
 .ARM.attributes
                0x000000cc       0x2c Uart.o
 .ARM.attributes
                0x000000f8       0x2c exception.o
 .ARM.attributes
                0x00000124       0x2c module1.o
 .ARM.attributes
                0x00000150       0x2c KeyLogger.o
 .ARM.attributes
                0x0000017c       0x34 /root/arm-2011.03/arm-none-eabi/lib/libc.a(lib_a-vsprintf.o)
 .ARM.attributes
                0x000001b0       0x34 /root/arm-2011.03/arm-none-eabi/lib/libc.a(lib_a-impure.o)
 .ARM.attributes
                0x000001e4       0x34 /root/arm-2011.03/arm-none-eabi/lib/libc.a(lib_a-svfprintf.o)
 .ARM.attributes
                0x00000218       0x34 /root/arm-2011.03/arm-none-eabi/lib/libc.a(lib_a-dtoa.o)
 .ARM.attributes
                0x0000024c       0x34 /root/arm-2011.03/arm-none-eabi/lib/libc.a(lib_a-locale.o)
 .ARM.attributes
                0x00000280       0x34 /root/arm-2011.03/arm-none-eabi/lib/libc.a(lib_a-mallocr.o)
 .ARM.attributes
                0x000002b4       0x34 /root/arm-2011.03/arm-none-eabi/lib/libc.a(lib_a-memchr.o)
 .ARM.attributes
                0x000002e8       0x34 /root/arm-2011.03/arm-none-eabi/lib/libc.a(lib_a-memcpy.o)
 .ARM.attributes
                0x0000031c       0x34 /root/arm-2011.03/arm-none-eabi/lib/libc.a(lib_a-mlock.o)
 .ARM.attributes
                0x00000350       0x34 /root/arm-2011.03/arm-none-eabi/lib/libc.a(lib_a-mprec.o)
 .ARM.attributes
                0x00000384       0x34 /root/arm-2011.03/arm-none-eabi/lib/libc.a(lib_a-s_fpclassify.o)
 .ARM.attributes
                0x000003b8       0x34 /root/arm-2011.03/arm-none-eabi/lib/libc.a(lib_a-sbrkr.o)
 .ARM.attributes
                0x000003ec       0x34 /root/arm-2011.03/arm-none-eabi/lib/libc.a(lib_a-strcmp.o)
 .ARM.attributes
                0x00000420       0x34 /root/arm-2011.03/arm-none-eabi/lib/libc.a(lib_a-strlen.o)
 .ARM.attributes
                0x00000454       0x34 /root/arm-2011.03/arm-none-eabi/lib/libc.a(lib_a-svfiprintf.o)
 .ARM.attributes
                0x00000488       0x34 /root/arm-2011.03/arm-none-eabi/lib/libc.a(lib_a-callocr.o)
 .ARM.attributes
                0x000004bc       0x34 /root/arm-2011.03/arm-none-eabi/lib/libc.a(lib_a-freer.o)
 .ARM.attributes
                0x000004f0       0x34 /root/arm-2011.03/arm-none-eabi/lib/libc.a(lib_a-memmove.o)
 .ARM.attributes
                0x00000524       0x34 /root/arm-2011.03/arm-none-eabi/lib/libc.a(lib_a-memset.o)
 .ARM.attributes
                0x00000558       0x34 /root/arm-2011.03/arm-none-eabi/lib/libc.a(lib_a-reallocr.o)
 .ARM.attributes
                0x0000058c       0x34 /root/arm-2011.03/arm-none-eabi/lib/libc.a(lib_a-reent.o)
 .ARM.attributes
                0x000005c0       0x1a /root/arm-2011.03/lib/gcc/arm-none-eabi/4.5.2/libgcc.a(_udivsi3.o)
 .ARM.attributes
                0x000005da       0x18 /root/arm-2011.03/lib/gcc/arm-none-eabi/4.5.2/libgcc.a(_dvmd_tls.o)
 .ARM.attributes
                0x000005f2       0x1a /root/arm-2011.03/lib/gcc/arm-none-eabi/4.5.2/libgcc.a(_arm_addsubdf3.o)
 .ARM.attributes
                0x0000060c       0x1a /root/arm-2011.03/lib/gcc/arm-none-eabi/4.5.2/libgcc.a(_arm_muldivdf3.o)
 .ARM.attributes
                0x00000626       0x1a /root/arm-2011.03/lib/gcc/arm-none-eabi/4.5.2/libgcc.a(_arm_cmpdf2.o)
 .ARM.attributes
                0x00000640       0x1a /root/arm-2011.03/lib/gcc/arm-none-eabi/4.5.2/libgcc.a(_arm_fixdfsi.o)
 .ARM.attributes
                0x0000065a       0x1a /root/arm-2011.03/lib/gcc/arm-none-eabi/4.5.2/libgcc.a(_arm_fixunsdfsi.o)
 .ARM.attributes
                0x00000674       0x1a /root/arm-2011.03/lib/gcc/arm-none-eabi/4.5.2/libgcc.a(_aeabi_uldivmod.o)
 .ARM.attributes
                0x0000068e       0x34 /root/arm-2011.03/lib/gcc/arm-none-eabi/4.5.2/libgcc.a(bpabi.o)
 .ARM.attributes
                0x000006c2       0x34 /root/arm-2011.03/lib/gcc/arm-none-eabi/4.5.2/libgcc.a(_divdi3.o)
 .ARM.attributes
                0x000006f6       0x34 /root/arm-2011.03/lib/gcc/arm-none-eabi/4.5.2/libgcc.a(_udivdi3.o)
 .ARM.attributes
                0x0000072a       0x1a /root/arm-2011.03/lib/gcc/arm-none-eabi/4.5.2/libgcc.a(_clzsi2.o)

.comment        0x00000000       0x2a
 .comment       0x00000000       0x2a Key.o
                                 0x2b (size before relaxing)
 .comment       0x00000000       0x2b Led.o
 .comment       0x00000000       0x2b Timer.o
 .comment       0x00000000       0x2b Main.o
 .comment       0x00000000       0x2b Uart.o
 .comment       0x00000000       0x2b exception.o
 .comment       0x00000000       0x2b module1.o
 .comment       0x00000000       0x2b KeyLogger.o

.debug_line     0x00000000      0x446
 .debug_line    0x00000000       0xbe s3c2450_startup.o
 .debug_line    0x000000be       0x92 Key.o
 .debug_line    0x00000150       0x58 Led.o
 .debug_line    0x000001a8       0x81 Timer.o
 .debug_line    0x00000229       0x38 Main.o
 .debug_line    0x00000261       0xc9 Uart.o
 .debug_line    0x0000032a       0x67 exception.o
 .debug_line    0x00000391       0x3a module1.o
 .debug_line    0x000003cb       0x7b KeyLogger.o

.debug_info     0x00000000      0x629
 .debug_info    0x00000000       0x69 s3c2450_startup.o
 .debug_info    0x00000069       0xe7 Key.o
 .debug_info    0x00000150       0x75 Led.o
 .debug_info    0x000001c5       0x94 Timer.o
 .debug_info    0x00000259       0x3a Main.o
 .debug_info    0x00000293      0x165 Uart.o
 .debug_info    0x000003f8      0x130 exception.o
 .debug_info    0x00000528       0x57 module1.o
 .debug_info    0x0000057f       0xaa KeyLogger.o

.debug_abbrev   0x00000000      0x3f7
 .debug_abbrev  0x00000000       0x14 s3c2450_startup.o
 .debug_abbrev  0x00000014       0x99 Key.o
 .debug_abbrev  0x000000ad       0x67 Led.o
 .debug_abbrev  0x00000114       0x85 Timer.o
 .debug_abbrev  0x00000199       0x27 Main.o
 .debug_abbrev  0x000001c0       0xe2 Uart.o
 .debug_abbrev  0x000002a2       0x7d exception.o
 .debug_abbrev  0x0000031f       0x43 module1.o
 .debug_abbrev  0x00000362       0x95 KeyLogger.o

.debug_aranges  0x00000000      0x120
 .debug_aranges
                0x00000000       0x20 s3c2450_startup.o
 .debug_aranges
                0x00000020       0x20 Key.o
 .debug_aranges
                0x00000040       0x20 Led.o
 .debug_aranges
                0x00000060       0x20 Timer.o
 .debug_aranges
                0x00000080       0x20 Main.o
 .debug_aranges
                0x000000a0       0x20 Uart.o
 .debug_aranges
                0x000000c0       0x20 exception.o
 .debug_aranges
                0x000000e0       0x20 module1.o
 .debug_aranges
                0x00000100       0x20 KeyLogger.o

.debug_loc      0x00000000      0x44c
 .debug_loc     0x00000000       0xb0 Key.o
 .debug_loc     0x000000b0       0x58 Led.o
 .debug_loc     0x00000108       0x84 Timer.o
 .debug_loc     0x0000018c       0x2c Main.o
 .debug_loc     0x000001b8       0xdc Uart.o
 .debug_loc     0x00000294       0xdc exception.o
 .debug_loc     0x00000370       0x2c module1.o
 .debug_loc     0x0000039c       0xb0 KeyLogger.o

.debug_pubnames
                0x00000000      0x238
 .debug_pubnames
                0x00000000       0x6b Key.o
 .debug_pubnames
                0x0000006b       0x2f Led.o
 .debug_pubnames
                0x0000009a       0x3f Timer.o
 .debug_pubnames
                0x000000d9       0x1b Main.o
 .debug_pubnames
                0x000000f4       0x6a Uart.o
 .debug_pubnames
                0x0000015e       0x6d exception.o
 .debug_pubnames
                0x000001cb       0x1b module1.o
 .debug_pubnames
                0x000001e6       0x52 KeyLogger.o

.debug_str      0x00000000      0x257
 .debug_str     0x00000000       0x9d Key.o
 .debug_str     0x0000009d       0x20 Led.o
                                 0x5a (size before relaxing)
 .debug_str     0x000000bd       0x2e Timer.o
                                 0x68 (size before relaxing)
 .debug_str     0x000000eb        0xc Main.o
                                 0x46 (size before relaxing)
 .debug_str     0x000000f7       0x7f Uart.o
                                 0xd3 (size before relaxing)
 .debug_str     0x00000176       0x9b exception.o
                                 0xe2 (size before relaxing)
 .debug_str     0x00000211        0xf module1.o
                                 0x49 (size before relaxing)
 .debug_str     0x00000220       0x37 KeyLogger.o
                                 0x76 (size before relaxing)

.debug_frame    0x00000000      0xb7c
 .debug_frame   0x00000000       0x90 Key.o
 .debug_frame   0x00000090       0x50 Led.o
 .debug_frame   0x000000e0       0x74 Timer.o
 .debug_frame   0x00000154       0x30 Main.o
 .debug_frame   0x00000184       0xb8 Uart.o
 .debug_frame   0x0000023c       0xb0 exception.o
 .debug_frame   0x000002ec       0x30 module1.o
 .debug_frame   0x0000031c       0x90 KeyLogger.o
 .debug_frame   0x000003ac       0x44 /root/arm-2011.03/arm-none-eabi/lib/libc.a(lib_a-vsprintf.o)
 .debug_frame   0x000003f0       0x3c /root/arm-2011.03/arm-none-eabi/lib/libc.a(lib_a-svfprintf.o)
 .debug_frame   0x0000042c       0x64 /root/arm-2011.03/arm-none-eabi/lib/libc.a(lib_a-dtoa.o)
 .debug_frame   0x00000490       0x98 /root/arm-2011.03/arm-none-eabi/lib/libc.a(lib_a-locale.o)
 .debug_frame   0x00000528       0x3c /root/arm-2011.03/arm-none-eabi/lib/libc.a(lib_a-mallocr.o)
 .debug_frame   0x00000564       0x2c /root/arm-2011.03/arm-none-eabi/lib/libc.a(lib_a-memchr.o)
 .debug_frame   0x00000590       0x30 /root/arm-2011.03/arm-none-eabi/lib/libc.a(lib_a-memcpy.o)
 .debug_frame   0x000005c0       0x30 /root/arm-2011.03/arm-none-eabi/lib/libc.a(lib_a-mlock.o)
 .debug_frame   0x000005f0      0x228 /root/arm-2011.03/arm-none-eabi/lib/libc.a(lib_a-mprec.o)
 .debug_frame   0x00000818       0x28 /root/arm-2011.03/arm-none-eabi/lib/libc.a(lib_a-s_fpclassify.o)
 .debug_frame   0x00000840       0x2c /root/arm-2011.03/arm-none-eabi/lib/libc.a(lib_a-sbrkr.o)
 .debug_frame   0x0000086c       0x30 /root/arm-2011.03/arm-none-eabi/lib/libc.a(lib_a-strcmp.o)
 .debug_frame   0x0000089c       0x20 /root/arm-2011.03/arm-none-eabi/lib/libc.a(lib_a-strlen.o)
 .debug_frame   0x000008bc       0x68 /root/arm-2011.03/arm-none-eabi/lib/libc.a(lib_a-svfiprintf.o)
 .debug_frame   0x00000924       0x28 /root/arm-2011.03/arm-none-eabi/lib/libc.a(lib_a-callocr.o)
 .debug_frame   0x0000094c       0x50 /root/arm-2011.03/arm-none-eabi/lib/libc.a(lib_a-freer.o)
 .debug_frame   0x0000099c       0x2c /root/arm-2011.03/arm-none-eabi/lib/libc.a(lib_a-memmove.o)
 .debug_frame   0x000009c8       0x28 /root/arm-2011.03/arm-none-eabi/lib/libc.a(lib_a-memset.o)
 .debug_frame   0x000009f0       0x3c /root/arm-2011.03/arm-none-eabi/lib/libc.a(lib_a-reallocr.o)
 .debug_frame   0x00000a2c       0x68 /root/arm-2011.03/arm-none-eabi/lib/libc.a(lib_a-reent.o)
 .debug_frame   0x00000a94       0x20 /root/arm-2011.03/lib/gcc/arm-none-eabi/4.5.2/libgcc.a(_udivsi3.o)
 .debug_frame   0x00000ab4       0x50 /root/arm-2011.03/lib/gcc/arm-none-eabi/4.5.2/libgcc.a(bpabi.o)
 .debug_frame   0x00000b04       0x3c /root/arm-2011.03/lib/gcc/arm-none-eabi/4.5.2/libgcc.a(_divdi3.o)
 .debug_frame   0x00000b40       0x3c /root/arm-2011.03/lib/gcc/arm-none-eabi/4.5.2/libgcc.a(_udivdi3.o)

.debug_pubtypes
                0x00000000       0x3f
 .debug_pubtypes
                0x00000000       0x3f Uart.o

Cross Reference Table

Symbol                                            File
Dabort_Handler                                    exception.o
Exception_Init                                    exception.o
                                                  s3c2450_startup.o
Func                                              module1.o
Get_Key_byPolling                                 KeyLogger.o
Handle2D                                          s3c2450_startup.o
HandleADC                                         s3c2450_startup.o
HandleBATFLT                                      s3c2450_startup.o
HandleCAM                                         s3c2450_startup.o
HandleCFCON                                       s3c2450_startup.o
HandleDMA                                         s3c2450_startup.o
HandleDabort                                      s3c2450_startup.o
                                                  exception.o
HandleEINT0                                       s3c2450_startup.o
HandleEINT1                                       s3c2450_startup.o
HandleEINT2                                       s3c2450_startup.o
HandleEINT3                                       s3c2450_startup.o
HandleEINT4_7                                     s3c2450_startup.o
HandleEINT8_23                                    s3c2450_startup.o
HandleFIQ                                         s3c2450_startup.o
HandleI2S0                                        s3c2450_startup.o
HandleI2S1                                        s3c2450_startup.o
HandleIIC                                         s3c2450_startup.o
HandleIIC1                                        s3c2450_startup.o
HandleIRQ                                         s3c2450_startup.o
HandleLCD                                         s3c2450_startup.o
HandleNFCON                                       s3c2450_startup.o
HandlePCM0                                        s3c2450_startup.o
HandlePCM1                                        s3c2450_startup.o
HandlePabort                                      s3c2450_startup.o
                                                  exception.o
HandleRSV1                                        s3c2450_startup.o
HandleRSV2                                        s3c2450_startup.o
HandleRTC                                         s3c2450_startup.o
HandleReserved                                    s3c2450_startup.o
HandleReset                                       s3c2450_startup.o
HandleSDI0                                        s3c2450_startup.o
HandleSDI1                                        s3c2450_startup.o
HandleSPI0                                        s3c2450_startup.o
HandleSPI1                                        s3c2450_startup.o
HandleSWI                                         s3c2450_startup.o
                                                  exception.o
HandleTICK                                        s3c2450_startup.o
HandleTIMER0                                      s3c2450_startup.o
HandleTIMER1                                      s3c2450_startup.o
HandleTIMER2                                      s3c2450_startup.o
HandleTIMER3                                      s3c2450_startup.o
HandleTIMER4                                      s3c2450_startup.o
HandleUART0                                       s3c2450_startup.o
HandleUART1                                       s3c2450_startup.o
HandleUART2                                       s3c2450_startup.o
HandleUART3                                       s3c2450_startup.o
HandleUSBD                                        s3c2450_startup.o
HandleUSBH                                        s3c2450_startup.o
HandleUndef                                       s3c2450_startup.o
                                                  exception.o
HandleWDT                                         s3c2450_startup.o
Init                                              KeyLogger.o
IsrIRQ                                            s3c2450_startup.o
Key_Get_Pressed                                   Key.o
Key_Port_Init                                     Key.o
Key_Wait_Get_Pressed                              Key.o
Key_Wait_Get_Released                             Key.o
LED_ON_Off                                        KeyLogger.o
Led_Display                                       Led.o
Led_Init                                          Led.o
Main                                              Main.o
                                                  s3c2450_startup.o
Pabort_Handler                                    exception.o
ResetHandler                                      s3c2450_startup.o
SWI_Handler                                       exception.o
TestKeyLogger                                     KeyLogger.o
TestTimer                                         Timer.o
                                                  Main.o
Timer_Delay                                       Timer.o
Timer_Init                                        Timer.o
Uart_Get_Char                                     Uart.o
Uart_Init                                         Uart.o
Uart_Printf                                       Uart.o
                                                  KeyLogger.o
                                                  module1.o
                                                  exception.o
                                                  Timer.o
Uart_Send_Byte                                    Uart.o
Uart_Send_String                                  Uart.o
                                                  Key.o
Undef_Handler                                     exception.o
_Balloc                                           /root/arm-2011.03/arm-none-eabi/lib/libc.a(lib_a-mprec.o)
                                                  /root/arm-2011.03/arm-none-eabi/lib/libc.a(lib_a-dtoa.o)
_Bfree                                            /root/arm-2011.03/arm-none-eabi/lib/libc.a(lib_a-mprec.o)
                                                  /root/arm-2011.03/arm-none-eabi/lib/libc.a(lib_a-dtoa.o)
_PathLocale                                       /root/arm-2011.03/arm-none-eabi/lib/libc.a(lib_a-locale.o)
__adddf3                                          /root/arm-2011.03/lib/gcc/arm-none-eabi/4.5.2/libgcc.a(_arm_addsubdf3.o)
__aeabi_cdcmpeq                                   /root/arm-2011.03/lib/gcc/arm-none-eabi/4.5.2/libgcc.a(_arm_cmpdf2.o)
__aeabi_cdcmple                                   /root/arm-2011.03/lib/gcc/arm-none-eabi/4.5.2/libgcc.a(_arm_cmpdf2.o)
__aeabi_cdrcmple                                  /root/arm-2011.03/lib/gcc/arm-none-eabi/4.5.2/libgcc.a(_arm_cmpdf2.o)
__aeabi_d2iz                                      /root/arm-2011.03/lib/gcc/arm-none-eabi/4.5.2/libgcc.a(_arm_fixdfsi.o)
                                                  /root/arm-2011.03/arm-none-eabi/lib/libc.a(lib_a-dtoa.o)
__aeabi_d2uiz                                     /root/arm-2011.03/lib/gcc/arm-none-eabi/4.5.2/libgcc.a(_arm_fixunsdfsi.o)
                                                  Timer.o
__aeabi_dadd                                      /root/arm-2011.03/lib/gcc/arm-none-eabi/4.5.2/libgcc.a(_arm_addsubdf3.o)
                                                  /root/arm-2011.03/arm-none-eabi/lib/libc.a(lib_a-dtoa.o)
__aeabi_dcmpeq                                    /root/arm-2011.03/lib/gcc/arm-none-eabi/4.5.2/libgcc.a(_arm_cmpdf2.o)
                                                  /root/arm-2011.03/arm-none-eabi/lib/libc.a(lib_a-dtoa.o)
                                                  /root/arm-2011.03/arm-none-eabi/lib/libc.a(lib_a-svfprintf.o)
__aeabi_dcmpge                                    /root/arm-2011.03/lib/gcc/arm-none-eabi/4.5.2/libgcc.a(_arm_cmpdf2.o)
                                                  /root/arm-2011.03/arm-none-eabi/lib/libc.a(lib_a-dtoa.o)
__aeabi_dcmpgt                                    /root/arm-2011.03/lib/gcc/arm-none-eabi/4.5.2/libgcc.a(_arm_cmpdf2.o)
                                                  /root/arm-2011.03/arm-none-eabi/lib/libc.a(lib_a-dtoa.o)
__aeabi_dcmple                                    /root/arm-2011.03/lib/gcc/arm-none-eabi/4.5.2/libgcc.a(_arm_cmpdf2.o)
__aeabi_dcmplt                                    /root/arm-2011.03/lib/gcc/arm-none-eabi/4.5.2/libgcc.a(_arm_cmpdf2.o)
                                                  /root/arm-2011.03/arm-none-eabi/lib/libc.a(lib_a-dtoa.o)
                                                  /root/arm-2011.03/arm-none-eabi/lib/libc.a(lib_a-svfprintf.o)
__aeabi_ddiv                                      /root/arm-2011.03/lib/gcc/arm-none-eabi/4.5.2/libgcc.a(_arm_muldivdf3.o)
                                                  /root/arm-2011.03/arm-none-eabi/lib/libc.a(lib_a-mprec.o)
                                                  /root/arm-2011.03/arm-none-eabi/lib/libc.a(lib_a-dtoa.o)
__aeabi_dmul                                      /root/arm-2011.03/lib/gcc/arm-none-eabi/4.5.2/libgcc.a(_arm_muldivdf3.o)
                                                  /root/arm-2011.03/arm-none-eabi/lib/libc.a(lib_a-mprec.o)
                                                  /root/arm-2011.03/arm-none-eabi/lib/libc.a(lib_a-dtoa.o)
                                                  Timer.o
__aeabi_drsub                                     /root/arm-2011.03/lib/gcc/arm-none-eabi/4.5.2/libgcc.a(_arm_addsubdf3.o)
__aeabi_dsub                                      /root/arm-2011.03/lib/gcc/arm-none-eabi/4.5.2/libgcc.a(_arm_addsubdf3.o)
                                                  /root/arm-2011.03/arm-none-eabi/lib/libc.a(lib_a-dtoa.o)
__aeabi_f2d                                       /root/arm-2011.03/lib/gcc/arm-none-eabi/4.5.2/libgcc.a(_arm_addsubdf3.o)
__aeabi_i2d                                       /root/arm-2011.03/lib/gcc/arm-none-eabi/4.5.2/libgcc.a(_arm_addsubdf3.o)
                                                  /root/arm-2011.03/arm-none-eabi/lib/libc.a(lib_a-dtoa.o)
                                                  Timer.o
__aeabi_idiv0                                     /root/arm-2011.03/lib/gcc/arm-none-eabi/4.5.2/libgcc.a(_dvmd_tls.o)
                                                  /root/arm-2011.03/lib/gcc/arm-none-eabi/4.5.2/libgcc.a(_udivsi3.o)
__aeabi_l2d                                       /root/arm-2011.03/lib/gcc/arm-none-eabi/4.5.2/libgcc.a(_arm_addsubdf3.o)
__aeabi_ldiv0                                     /root/arm-2011.03/lib/gcc/arm-none-eabi/4.5.2/libgcc.a(_dvmd_tls.o)
                                                  /root/arm-2011.03/lib/gcc/arm-none-eabi/4.5.2/libgcc.a(_aeabi_uldivmod.o)
__aeabi_ui2d                                      /root/arm-2011.03/lib/gcc/arm-none-eabi/4.5.2/libgcc.a(_arm_addsubdf3.o)
                                                  /root/arm-2011.03/arm-none-eabi/lib/libc.a(lib_a-dtoa.o)
__aeabi_uidiv                                     /root/arm-2011.03/lib/gcc/arm-none-eabi/4.5.2/libgcc.a(_udivsi3.o)
                                                  /root/arm-2011.03/lib/gcc/arm-none-eabi/4.5.2/libgcc.a(_udivdi3.o)
                                                  /root/arm-2011.03/lib/gcc/arm-none-eabi/4.5.2/libgcc.a(_divdi3.o)
                                                  /root/arm-2011.03/arm-none-eabi/lib/libc.a(lib_a-dtoa.o)
__aeabi_uidivmod                                  /root/arm-2011.03/lib/gcc/arm-none-eabi/4.5.2/libgcc.a(_udivsi3.o)
                                                  /root/arm-2011.03/lib/gcc/arm-none-eabi/4.5.2/libgcc.a(_udivdi3.o)
                                                  /root/arm-2011.03/lib/gcc/arm-none-eabi/4.5.2/libgcc.a(_divdi3.o)
__aeabi_ul2d                                      /root/arm-2011.03/lib/gcc/arm-none-eabi/4.5.2/libgcc.a(_arm_addsubdf3.o)
__aeabi_uldivmod                                  /root/arm-2011.03/lib/gcc/arm-none-eabi/4.5.2/libgcc.a(_aeabi_uldivmod.o)
                                                  /root/arm-2011.03/arm-none-eabi/lib/libc.a(lib_a-svfiprintf.o)
                                                  /root/arm-2011.03/arm-none-eabi/lib/libc.a(lib_a-svfprintf.o)
__any_on                                          /root/arm-2011.03/arm-none-eabi/lib/libc.a(lib_a-mprec.o)
__b2d                                             /root/arm-2011.03/arm-none-eabi/lib/libc.a(lib_a-mprec.o)
__clzsi2                                          /root/arm-2011.03/lib/gcc/arm-none-eabi/4.5.2/libgcc.a(_clzsi2.o)
                                                  /root/arm-2011.03/lib/gcc/arm-none-eabi/4.5.2/libgcc.a(_udivdi3.o)
                                                  /root/arm-2011.03/lib/gcc/arm-none-eabi/4.5.2/libgcc.a(_divdi3.o)
__cmpdf2                                          /root/arm-2011.03/lib/gcc/arm-none-eabi/4.5.2/libgcc.a(_arm_cmpdf2.o)
__copybits                                        /root/arm-2011.03/arm-none-eabi/lib/libc.a(lib_a-mprec.o)
__d2b                                             /root/arm-2011.03/arm-none-eabi/lib/libc.a(lib_a-mprec.o)
                                                  /root/arm-2011.03/arm-none-eabi/lib/libc.a(lib_a-dtoa.o)
__divdf3                                          /root/arm-2011.03/lib/gcc/arm-none-eabi/4.5.2/libgcc.a(_arm_muldivdf3.o)
__divdi3                                          /root/arm-2011.03/lib/gcc/arm-none-eabi/4.5.2/libgcc.a(_divdi3.o)
                                                  /root/arm-2011.03/lib/gcc/arm-none-eabi/4.5.2/libgcc.a(bpabi.o)
__eqdf2                                           /root/arm-2011.03/lib/gcc/arm-none-eabi/4.5.2/libgcc.a(_arm_cmpdf2.o)
__extendsfdf2                                     /root/arm-2011.03/lib/gcc/arm-none-eabi/4.5.2/libgcc.a(_arm_addsubdf3.o)
__fixdfsi                                         /root/arm-2011.03/lib/gcc/arm-none-eabi/4.5.2/libgcc.a(_arm_fixdfsi.o)
__fixunsdfsi                                      /root/arm-2011.03/lib/gcc/arm-none-eabi/4.5.2/libgcc.a(_arm_fixunsdfsi.o)
__floatdidf                                       /root/arm-2011.03/lib/gcc/arm-none-eabi/4.5.2/libgcc.a(_arm_addsubdf3.o)
__floatsidf                                       /root/arm-2011.03/lib/gcc/arm-none-eabi/4.5.2/libgcc.a(_arm_addsubdf3.o)
__floatundidf                                     /root/arm-2011.03/lib/gcc/arm-none-eabi/4.5.2/libgcc.a(_arm_addsubdf3.o)
__floatunsidf                                     /root/arm-2011.03/lib/gcc/arm-none-eabi/4.5.2/libgcc.a(_arm_addsubdf3.o)
__fpclassifyd                                     /root/arm-2011.03/arm-none-eabi/lib/libc.a(lib_a-s_fpclassify.o)
                                                  /root/arm-2011.03/arm-none-eabi/lib/libc.a(lib_a-svfprintf.o)
__gedf2                                           /root/arm-2011.03/lib/gcc/arm-none-eabi/4.5.2/libgcc.a(_arm_cmpdf2.o)
__gnu_ldivmod_helper                              /root/arm-2011.03/lib/gcc/arm-none-eabi/4.5.2/libgcc.a(bpabi.o)
__gnu_uldivmod_helper                             /root/arm-2011.03/lib/gcc/arm-none-eabi/4.5.2/libgcc.a(bpabi.o)
                                                  /root/arm-2011.03/lib/gcc/arm-none-eabi/4.5.2/libgcc.a(_aeabi_uldivmod.o)
__gtdf2                                           /root/arm-2011.03/lib/gcc/arm-none-eabi/4.5.2/libgcc.a(_arm_cmpdf2.o)
__hi0bits                                         /root/arm-2011.03/arm-none-eabi/lib/libc.a(lib_a-mprec.o)
                                                  /root/arm-2011.03/arm-none-eabi/lib/libc.a(lib_a-dtoa.o)
__i2b                                             /root/arm-2011.03/arm-none-eabi/lib/libc.a(lib_a-mprec.o)
                                                  /root/arm-2011.03/arm-none-eabi/lib/libc.a(lib_a-dtoa.o)
__ledf2                                           /root/arm-2011.03/lib/gcc/arm-none-eabi/4.5.2/libgcc.a(_arm_cmpdf2.o)
__lo0bits                                         /root/arm-2011.03/arm-none-eabi/lib/libc.a(lib_a-mprec.o)
__locale_charset                                  /root/arm-2011.03/arm-none-eabi/lib/libc.a(lib_a-locale.o)
__locale_cjk_lang                                 /root/arm-2011.03/arm-none-eabi/lib/libc.a(lib_a-locale.o)
__locale_mb_cur_max                               /root/arm-2011.03/arm-none-eabi/lib/libc.a(lib_a-locale.o)
__locale_msgcharset                               /root/arm-2011.03/arm-none-eabi/lib/libc.a(lib_a-locale.o)
__lshift                                          /root/arm-2011.03/arm-none-eabi/lib/libc.a(lib_a-mprec.o)
                                                  /root/arm-2011.03/arm-none-eabi/lib/libc.a(lib_a-dtoa.o)
__ltdf2                                           /root/arm-2011.03/lib/gcc/arm-none-eabi/4.5.2/libgcc.a(_arm_cmpdf2.o)
__malloc_av_                                      /root/arm-2011.03/arm-none-eabi/lib/libc.a(lib_a-mallocr.o)
                                                  /root/arm-2011.03/arm-none-eabi/lib/libc.a(lib_a-reallocr.o)
                                                  /root/arm-2011.03/arm-none-eabi/lib/libc.a(lib_a-freer.o)
__malloc_current_mallinfo                         /root/arm-2011.03/arm-none-eabi/lib/libc.a(lib_a-mallocr.o)
                                                  /root/arm-2011.03/arm-none-eabi/lib/libc.a(lib_a-freer.o)
__malloc_lock                                     /root/arm-2011.03/arm-none-eabi/lib/libc.a(lib_a-mlock.o)
                                                  /root/arm-2011.03/arm-none-eabi/lib/libc.a(lib_a-reallocr.o)
                                                  /root/arm-2011.03/arm-none-eabi/lib/libc.a(lib_a-freer.o)
                                                  /root/arm-2011.03/arm-none-eabi/lib/libc.a(lib_a-mallocr.o)
__malloc_max_sbrked_mem                           /root/arm-2011.03/arm-none-eabi/lib/libc.a(lib_a-mallocr.o)
__malloc_max_total_mem                            /root/arm-2011.03/arm-none-eabi/lib/libc.a(lib_a-mallocr.o)
__malloc_sbrk_base                                /root/arm-2011.03/arm-none-eabi/lib/libc.a(lib_a-mallocr.o)
                                                  /root/arm-2011.03/arm-none-eabi/lib/libc.a(lib_a-freer.o)
__malloc_top_pad                                  /root/arm-2011.03/arm-none-eabi/lib/libc.a(lib_a-mallocr.o)
                                                  /root/arm-2011.03/arm-none-eabi/lib/libc.a(lib_a-freer.o)
__malloc_trim_threshold                           /root/arm-2011.03/arm-none-eabi/lib/libc.a(lib_a-mallocr.o)
                                                  /root/arm-2011.03/arm-none-eabi/lib/libc.a(lib_a-freer.o)
__malloc_unlock                                   /root/arm-2011.03/arm-none-eabi/lib/libc.a(lib_a-mlock.o)
                                                  /root/arm-2011.03/arm-none-eabi/lib/libc.a(lib_a-reallocr.o)
                                                  /root/arm-2011.03/arm-none-eabi/lib/libc.a(lib_a-freer.o)
                                                  /root/arm-2011.03/arm-none-eabi/lib/libc.a(lib_a-mallocr.o)
__mb_cur_max                                      /root/arm-2011.03/arm-none-eabi/lib/libc.a(lib_a-locale.o)
__mcmp                                            /root/arm-2011.03/arm-none-eabi/lib/libc.a(lib_a-mprec.o)
                                                  /root/arm-2011.03/arm-none-eabi/lib/libc.a(lib_a-dtoa.o)
__mdiff                                           /root/arm-2011.03/arm-none-eabi/lib/libc.a(lib_a-mprec.o)
                                                  /root/arm-2011.03/arm-none-eabi/lib/libc.a(lib_a-dtoa.o)
__mlocale_changed                                 /root/arm-2011.03/arm-none-eabi/lib/libc.a(lib_a-locale.o)
__mprec_bigtens                                   /root/arm-2011.03/arm-none-eabi/lib/libc.a(lib_a-mprec.o)
                                                  /root/arm-2011.03/arm-none-eabi/lib/libc.a(lib_a-dtoa.o)
__mprec_tens                                      /root/arm-2011.03/arm-none-eabi/lib/libc.a(lib_a-mprec.o)
                                                  /root/arm-2011.03/arm-none-eabi/lib/libc.a(lib_a-dtoa.o)
__mprec_tinytens                                  /root/arm-2011.03/arm-none-eabi/lib/libc.a(lib_a-mprec.o)
__muldf3                                          /root/arm-2011.03/lib/gcc/arm-none-eabi/4.5.2/libgcc.a(_arm_muldivdf3.o)
__multadd                                         /root/arm-2011.03/arm-none-eabi/lib/libc.a(lib_a-mprec.o)
                                                  /root/arm-2011.03/arm-none-eabi/lib/libc.a(lib_a-dtoa.o)
__multiply                                        /root/arm-2011.03/arm-none-eabi/lib/libc.a(lib_a-mprec.o)
                                                  /root/arm-2011.03/arm-none-eabi/lib/libc.a(lib_a-dtoa.o)
__nedf2                                           /root/arm-2011.03/lib/gcc/arm-none-eabi/4.5.2/libgcc.a(_arm_cmpdf2.o)
__nlocale_changed                                 /root/arm-2011.03/arm-none-eabi/lib/libc.a(lib_a-locale.o)
__pow5mult                                        /root/arm-2011.03/arm-none-eabi/lib/libc.a(lib_a-mprec.o)
                                                  /root/arm-2011.03/arm-none-eabi/lib/libc.a(lib_a-dtoa.o)
__ratio                                           /root/arm-2011.03/arm-none-eabi/lib/libc.a(lib_a-mprec.o)
__s2b                                             /root/arm-2011.03/arm-none-eabi/lib/libc.a(lib_a-mprec.o)
__ssprint_r                                       /root/arm-2011.03/arm-none-eabi/lib/libc.a(lib_a-svfiprintf.o)
                                                  /root/arm-2011.03/arm-none-eabi/lib/libc.a(lib_a-svfprintf.o)
__subdf3                                          /root/arm-2011.03/lib/gcc/arm-none-eabi/4.5.2/libgcc.a(_arm_addsubdf3.o)
__udivdi3                                         /root/arm-2011.03/lib/gcc/arm-none-eabi/4.5.2/libgcc.a(_udivdi3.o)
                                                  /root/arm-2011.03/lib/gcc/arm-none-eabi/4.5.2/libgcc.a(bpabi.o)
__udivsi3                                         /root/arm-2011.03/lib/gcc/arm-none-eabi/4.5.2/libgcc.a(_udivsi3.o)
__ulp                                             /root/arm-2011.03/arm-none-eabi/lib/libc.a(lib_a-mprec.o)
_calloc_r                                         /root/arm-2011.03/arm-none-eabi/lib/libc.a(lib_a-callocr.o)
                                                  /root/arm-2011.03/arm-none-eabi/lib/libc.a(lib_a-mprec.o)
_dtoa_r                                           /root/arm-2011.03/arm-none-eabi/lib/libc.a(lib_a-dtoa.o)
                                                  /root/arm-2011.03/arm-none-eabi/lib/libc.a(lib_a-svfprintf.o)
_free_r                                           /root/arm-2011.03/arm-none-eabi/lib/libc.a(lib_a-freer.o)
                                                  /root/arm-2011.03/arm-none-eabi/lib/libc.a(lib_a-reent.o)
                                                  /root/arm-2011.03/arm-none-eabi/lib/libc.a(lib_a-reallocr.o)
                                                  /root/arm-2011.03/arm-none-eabi/lib/libc.a(lib_a-svfiprintf.o)
                                                  /root/arm-2011.03/arm-none-eabi/lib/libc.a(lib_a-mallocr.o)
_global_impure_ptr                                /root/arm-2011.03/arm-none-eabi/lib/libc.a(lib_a-impure.o)
_impure_ptr                                       /root/arm-2011.03/arm-none-eabi/lib/libc.a(lib_a-impure.o)
                                                  /root/arm-2011.03/arm-none-eabi/lib/libc.a(lib_a-reent.o)
                                                  /root/arm-2011.03/arm-none-eabi/lib/libc.a(lib_a-locale.o)
                                                  /root/arm-2011.03/arm-none-eabi/lib/libc.a(lib_a-vsprintf.o)
_localeconv_r                                     /root/arm-2011.03/arm-none-eabi/lib/libc.a(lib_a-locale.o)
                                                  /root/arm-2011.03/arm-none-eabi/lib/libc.a(lib_a-svfprintf.o)
_malloc_r                                         /root/arm-2011.03/arm-none-eabi/lib/libc.a(lib_a-mallocr.o)
                                                  /root/arm-2011.03/arm-none-eabi/lib/libc.a(lib_a-reallocr.o)
                                                  /root/arm-2011.03/arm-none-eabi/lib/libc.a(lib_a-callocr.o)
                                                  /root/arm-2011.03/arm-none-eabi/lib/libc.a(lib_a-svfiprintf.o)
                                                  /root/arm-2011.03/arm-none-eabi/lib/libc.a(lib_a-svfprintf.o)
_malloc_trim_r                                    /root/arm-2011.03/arm-none-eabi/lib/libc.a(lib_a-freer.o)
_mprec_log10                                      /root/arm-2011.03/arm-none-eabi/lib/libc.a(lib_a-mprec.o)
_realloc_r                                        /root/arm-2011.03/arm-none-eabi/lib/libc.a(lib_a-reallocr.o)
                                                  /root/arm-2011.03/arm-none-eabi/lib/libc.a(lib_a-svfiprintf.o)
_reclaim_reent                                    /root/arm-2011.03/arm-none-eabi/lib/libc.a(lib_a-reent.o)
_sbrk                                             s3c2450_startup.o
                                                  /root/arm-2011.03/arm-none-eabi/lib/libc.a(lib_a-sbrkr.o)
_sbrk_r                                           /root/arm-2011.03/arm-none-eabi/lib/libc.a(lib_a-sbrkr.o)
                                                  /root/arm-2011.03/arm-none-eabi/lib/libc.a(lib_a-freer.o)
                                                  /root/arm-2011.03/arm-none-eabi/lib/libc.a(lib_a-mallocr.o)
_setlocale_r                                      /root/arm-2011.03/arm-none-eabi/lib/libc.a(lib_a-locale.o)
_start                                            s3c2450_startup.o
_svfiprintf_r                                     /root/arm-2011.03/arm-none-eabi/lib/libc.a(lib_a-svfiprintf.o)
_svfprintf_r                                      /root/arm-2011.03/arm-none-eabi/lib/libc.a(lib_a-svfprintf.o)
                                                  /root/arm-2011.03/arm-none-eabi/lib/libc.a(lib_a-vsprintf.o)
_vsprintf_r                                       /root/arm-2011.03/arm-none-eabi/lib/libc.a(lib_a-vsprintf.o)
_wrapup_reent                                     /root/arm-2011.03/arm-none-eabi/lib/libc.a(lib_a-reent.o)
bss_end_addr                                      s3c2450_startup.o
bss_start_addr                                    s3c2450_startup.o
cleanup_glue                                      /root/arm-2011.03/arm-none-eabi/lib/libc.a(lib_a-reent.o)
data_end_addr                                     s3c2450_startup.o
data_start_addr                                   s3c2450_startup.o
errno                                             /root/arm-2011.03/arm-none-eabi/lib/libc.a(lib_a-reent.o)
                                                  /root/arm-2011.03/arm-none-eabi/lib/libc.a(lib_a-sbrkr.o)
localeconv                                        /root/arm-2011.03/arm-none-eabi/lib/libc.a(lib_a-locale.o)
memchr                                            /root/arm-2011.03/arm-none-eabi/lib/libc.a(lib_a-memchr.o)
                                                  /root/arm-2011.03/arm-none-eabi/lib/libc.a(lib_a-svfiprintf.o)
                                                  /root/arm-2011.03/arm-none-eabi/lib/libc.a(lib_a-svfprintf.o)
memcpy                                            /root/arm-2011.03/arm-none-eabi/lib/libc.a(lib_a-memcpy.o)
                                                  /root/arm-2011.03/arm-none-eabi/lib/libc.a(lib_a-svfiprintf.o)
                                                  /root/arm-2011.03/arm-none-eabi/lib/libc.a(lib_a-mprec.o)
                                                  /root/arm-2011.03/arm-none-eabi/lib/libc.a(lib_a-dtoa.o)
memmove                                           /root/arm-2011.03/arm-none-eabi/lib/libc.a(lib_a-memmove.o)
                                                  /root/arm-2011.03/arm-none-eabi/lib/libc.a(lib_a-reallocr.o)
                                                  /root/arm-2011.03/arm-none-eabi/lib/libc.a(lib_a-svfiprintf.o)
memset                                            /root/arm-2011.03/arm-none-eabi/lib/libc.a(lib_a-memset.o)
                                                  /root/arm-2011.03/arm-none-eabi/lib/libc.a(lib_a-callocr.o)
rodata_end_addr                                   s3c2450_startup.o
setlocale                                         /root/arm-2011.03/arm-none-eabi/lib/libc.a(lib_a-locale.o)
strcmp                                            /root/arm-2011.03/arm-none-eabi/lib/libc.a(lib_a-strcmp.o)
                                                  /root/arm-2011.03/arm-none-eabi/lib/libc.a(lib_a-locale.o)
strlen                                            /root/arm-2011.03/arm-none-eabi/lib/libc.a(lib_a-strlen.o)
                                                  /root/arm-2011.03/arm-none-eabi/lib/libc.a(lib_a-svfiprintf.o)
                                                  /root/arm-2011.03/arm-none-eabi/lib/libc.a(lib_a-svfprintf.o)
vsprintf                                          /root/arm-2011.03/arm-none-eabi/lib/libc.a(lib_a-vsprintf.o)
                                                  Uart.o
